[1/3] Building C object CMakeFiles/cjs.dir/src/wasm.c.o
FAILED: [code=1] CMakeFiles/cjs.dir/src/wasm.c.o 
/usr/bin/gcc -DBUILD_WITH_CURL -DBUILD_WITH_WASM -DCJS__HAS_CURL -DCJS__HAS_ICONV -DCJS__HAS_WASM -DDEBUG -DTJS__PLATFORM=\"linux\" -DUSE_EXTERNAL_FFI -DUSING_UV_SHARED=1 -Dd_m3HasWASI -I/root/txiki.ts/src -I/root/txiki.ts/deps/quickjs -I/root/txiki.ts/deps/libuv/include -I/root/txiki.ts/deps/wasm3/source/. -g -std=gnu11 -Wall -g -Wno-unknown-pragmas -Werror -ggdb -O0 -fno-omit-frame-pointer -MD -MT CMakeFiles/cjs.dir/src/wasm.c.o -MF CMakeFiles/cjs.dir/src/wasm.c.o.d -o CMakeFiles/cjs.dir/src/wasm.c.o -c /root/txiki.ts/src/wasm.c
/root/txiki.ts/src/wasm.c: In function ‘tjs_wasm_module_exports’:
/root/txiki.ts/src/wasm.c:437:39: error: ‘struct M3Module’ has no member named ‘numMemories’
  437 |     for (uint32_t i = 0; i < m->module->numMemories; i++) {
      |                                       ^~
/root/txiki.ts/src/wasm.c: In function ‘tjs_wasm_memory_grow’:
/root/txiki.ts/src/wasm.c:613:18: error: implicit declaration of function ‘m3_ResizeMemory’; did you mean ‘ResizeMemory’? [-Wimplicit-function-declaration]
  613 |     M3Result r = m3_ResizeMemory(m->runtime, old_pages + delta);
      |                  ^~~~~~~~~~~~~~~
      |                  ResizeMemory
/root/txiki.ts/src/wasm.c:613:18: error: initialization of ‘M3Result’ {aka ‘const char *’} from ‘int’ makes pointer from integer without a cast [-Wint-conversion]
/root/txiki.ts/src/wasm.c: In function ‘tjs_wasm_instance_constructor’:
/root/txiki.ts/src/wasm.c:978:13: error: implicit declaration of function ‘tjs__wasm_link_imports’; did you mean ‘tjs_wasm_module_imports’? [-Wimplicit-function-declaration]
  978 |         if (tjs__wasm_link_imports(ctx, inst, argv[1])) {
      |             ^~~~~~~~~~~~~~~~~~~~~~
      |             tjs_wasm_module_imports
/root/txiki.ts/src/wasm.c: At top level:
/root/txiki.ts/src/wasm.c:1205:12: error: static declaration of ‘tjs__wasm_link_imports’ follows non-static declaration
 1205 | static int tjs__wasm_link_imports(JSContext *ctx, TJSWasmInstance *inst,
      |            ^~~~~~~~~~~~~~~~~~~~~~
/root/txiki.ts/src/wasm.c:978:13: note: previous implicit declaration of ‘tjs__wasm_link_imports’ with type ‘int()’
  978 |         if (tjs__wasm_link_imports(ctx, inst, argv[1])) {
      |             ^~~~~~~~~~~~~~~~~~~~~~
/root/txiki.ts/src/wasm.c:1312:16: error: redefinition of ‘tjs_wasm_module_customsections’
 1312 | static JSValue tjs_wasm_module_customsections(JSContext *ctx, JSValue this_val,
      |                ^~~~~~~~~~~~~~~~~~~~~~~~~~~~~~
/root/txiki.ts/src/wasm.c:489:16: note: previous definition of ‘tjs_wasm_module_customsections’ with type ‘JSValue(JSContext *, JSValue,  int,  JSValue *)’
  489 | static JSValue tjs_wasm_module_customsections(JSContext *ctx, JSValue this_val,
      |                ^~~~~~~~~~~~~~~~~~~~~~~~~~~~~~
/root/txiki.ts/src/wasm.c: In function ‘tjs_wasm_module_customsections’:
/root/txiki.ts/src/wasm.c:1384:61: error: ‘name_leb_size’ undeclared (first use in this function); did you mean ‘name_size’?
 1384 |                 reader.offset += section_size - name_size - name_leb_size;
      |                                                             ^~~~~~~~~~~~~
      |                                                             name_size
/root/txiki.ts/src/wasm.c:1384:61: note: each undeclared identifier is reported only once for each function it appears in
/root/txiki.ts/src/wasm.c: At top level:
/root/txiki.ts/src/wasm.c:1399:16: error: redefinition of ‘tjs_wasm_memory_constructor’
 1399 | static JSValue tjs_wasm_memory_constructor(JSContext *ctx, JSValue new_target,
      |                ^~~~~~~~~~~~~~~~~~~~~~~~~~~
/root/txiki.ts/src/wasm.c:541:16: note: previous definition of ‘tjs_wasm_memory_constructor’ with type ‘JSValue(JSContext *, JSValue,  int,  JSValue *)’
  541 | static JSValue tjs_wasm_memory_constructor(JSContext *ctx, JSValue new_target,
      |                ^~~~~~~~~~~~~~~~~~~~~~~~~~~
/root/txiki.ts/src/wasm.c:1456:16: error: redefinition of ‘tjs_wasm_memory_buffer_get’
 1456 | static JSValue tjs_wasm_memory_buffer_get(JSContext *ctx, JSValue this_val) {
      |                ^~~~~~~~~~~~~~~~~~~~~~~~~~
/root/txiki.ts/src/wasm.c:588:16: note: previous definition of ‘tjs_wasm_memory_buffer_get’ with type ‘JSValue(JSContext *, JSValue)’
  588 | static JSValue tjs_wasm_memory_buffer_get(JSContext *ctx, JSValue this_val) {
      |                ^~~~~~~~~~~~~~~~~~~~~~~~~~
/root/txiki.ts/src/wasm.c: In function ‘tjs__mod_wasm_init’:
/root/txiki.ts/src/wasm.c:1490:19: error: passing argument 1 of ‘JS_NewClassID’ from incompatible pointer type [-Wincompatible-pointer-types]
 1490 |     JS_NewClassID(&tjs_wasm_module_class_id);
      |                   ^~~~~~~~~~~~~~~~~~~~~~~~~
      |                   |
      |                   JSClassID * {aka unsigned int *}
In file included from /root/txiki.ts/src/private.h:29,
                 from /root/txiki.ts/src/wasm.c:6:
/root/txiki.ts/src/../deps/quickjs/quickjs.h:634:46: note: expected ‘JSRuntime *’ but argument is of type ‘JSClassID *’ {aka ‘unsigned int *’}
  634 | JS_EXTERN JSClassID JS_NewClassID(JSRuntime *rt, JSClassID *pclass_id);
      |                                   ~~~~~~~~~~~^~
/root/txiki.ts/src/wasm.c:1490:5: error: too few arguments to function ‘JS_NewClassID’; expected 2, have 1
 1490 |     JS_NewClassID(&tjs_wasm_module_class_id);
      |     ^~~~~~~~~~~~~
/root/txiki.ts/src/../deps/quickjs/quickjs.h:634:21: note: declared here
  634 | JS_EXTERN JSClassID JS_NewClassID(JSRuntime *rt, JSClassID *pclass_id);
      |                     ^~~~~~~~~~~~~
/root/txiki.ts/src/wasm.c:1495:9: error: ‘tjs_wasm_module_proto_funcs’ undeclared (first use in this function); did you mean ‘tjs_wasm_memory_proto_funcs’?
 1495 |         tjs_wasm_module_proto_funcs, countof(tjs_wasm_module_proto_funcs));
      |         ^~~~~~~~~~~~~~~~~~~~~~~~~~~
      |         tjs_wasm_memory_proto_funcs
/root/txiki.ts/src/wasm.c:1501:9: error: ‘tjs_wasm_module_static_funcs’ undeclared (first use in this function)
 1501 |         tjs_wasm_module_static_funcs, countof(tjs_wasm_module_static_funcs));
      |         ^~~~~~~~~~~~~~~~~~~~~~~~~~~~
/root/txiki.ts/src/wasm.c:1505:19: error: passing argument 1 of ‘JS_NewClassID’ from incompatible pointer type [-Wincompatible-pointer-types]
 1505 |     JS_NewClassID(&tjs_wasm_instance_class_id);
      |                   ^~~~~~~~~~~~~~~~~~~~~~~~~~~
      |                   |
      |                   JSClassID * {aka unsigned int *}
/root/txiki.ts/src/../deps/quickjs/quickjs.h:634:46: note: expected ‘JSRuntime *’ but argument is of type ‘JSClassID *’ {aka ‘unsigned int *’}
  634 | JS_EXTERN JSClassID JS_NewClassID(JSRuntime *rt, JSClassID *pclass_id);
      |                                   ~~~~~~~~~~~^~
/root/txiki.ts/src/wasm.c:1505:5: error: too few arguments to function ‘JS_NewClassID’; expected 2, have 1
 1505 |     JS_NewClassID(&tjs_wasm_instance_class_id);
      |     ^~~~~~~~~~~~~
/root/txiki.ts/src/../deps/quickjs/quickjs.h:634:21: note: declared here
  634 | JS_EXTERN JSClassID JS_NewClassID(JSRuntime *rt, JSClassID *pclass_id);
      |                     ^~~~~~~~~~~~~
/root/txiki.ts/src/wasm.c:1510:9: error: ‘tjs_wasm_instance_proto_funcs’ undeclared (first use in this function); did you mean ‘tjs_wasm_memory_proto_funcs’?
 1510 |         tjs_wasm_instance_proto_funcs, countof(tjs_wasm_instance_proto_funcs));
      |         ^~~~~~~~~~~~~~~~~~~~~~~~~~~~~
      |         tjs_wasm_memory_proto_funcs
/root/txiki.ts/src/wasm.c:1518:19: error: passing argument 1 of ‘JS_NewClassID’ from incompatible pointer type [-Wincompatible-pointer-types]
 1518 |     JS_NewClassID(&tjs_wasm_memory_class_id);
      |                   ^~~~~~~~~~~~~~~~~~~~~~~~~
      |                   |
      |                   JSClassID * {aka unsigned int *}
/root/txiki.ts/src/../deps/quickjs/quickjs.h:634:46: note: expected ‘JSRuntime *’ but argument is of type ‘JSClassID *’ {aka ‘unsigned int *’}
  634 | JS_EXTERN JSClassID JS_NewClassID(JSRuntime *rt, JSClassID *pclass_id);
      |                                   ~~~~~~~~~~~^~
/root/txiki.ts/src/wasm.c:1518:5: error: too few arguments to function ‘JS_NewClassID’; expected 2, have 1
 1518 |     JS_NewClassID(&tjs_wasm_memory_class_id);
      |     ^~~~~~~~~~~~~
/root/txiki.ts/src/../deps/quickjs/quickjs.h:634:21: note: declared here
  634 | JS_EXTERN JSClassID JS_NewClassID(JSRuntime *rt, JSClassID *pclass_id);
      |                     ^~~~~~~~~~~~~
/root/txiki.ts/src/wasm.c:1531:19: error: passing argument 1 of ‘JS_NewClassID’ from incompatible pointer type [-Wincompatible-pointer-types]
 1531 |     JS_NewClassID(&tjs_wasm_table_class_id);
      |                   ^~~~~~~~~~~~~~~~~~~~~~~~
      |                   |
      |                   JSClassID * {aka unsigned int *}
/root/txiki.ts/src/../deps/quickjs/quickjs.h:634:46: note: expected ‘JSRuntime *’ but argument is of type ‘JSClassID *’ {aka ‘unsigned int *’}
  634 | JS_EXTERN JSClassID JS_NewClassID(JSRuntime *rt, JSClassID *pclass_id);
      |                                   ~~~~~~~~~~~^~
/root/txiki.ts/src/wasm.c:1531:5: error: too few arguments to function ‘JS_NewClassID’; expected 2, have 1
 1531 |     JS_NewClassID(&tjs_wasm_table_class_id);
      |     ^~~~~~~~~~~~~
/root/txiki.ts/src/../deps/quickjs/quickjs.h:634:21: note: declared here
  634 | JS_EXTERN JSClassID JS_NewClassID(JSRuntime *rt, JSClassID *pclass_id);
      |                     ^~~~~~~~~~~~~
/root/txiki.ts/src/wasm.c:1536:9: error: ‘tjs_wasm_table_proto_funcs’ undeclared (first use in this function); did you mean ‘tjs_wasm_memory_proto_funcs’?
 1536 |         tjs_wasm_table_proto_funcs, countof(tjs_wasm_table_proto_funcs));
      |         ^~~~~~~~~~~~~~~~~~~~~~~~~~
      |         tjs_wasm_memory_proto_funcs
/root/txiki.ts/src/wasm.c:1544:19: error: passing argument 1 of ‘JS_NewClassID’ from incompatible pointer type [-Wincompatible-pointer-types]
 1544 |     JS_NewClassID(&tjs_wasm_global_class_id);
      |                   ^~~~~~~~~~~~~~~~~~~~~~~~~
      |                   |
      |                   JSClassID * {aka unsigned int *}
/root/txiki.ts/src/../deps/quickjs/quickjs.h:634:46: note: expected ‘JSRuntime *’ but argument is of type ‘JSClassID *’ {aka ‘unsigned int *’}
  634 | JS_EXTERN JSClassID JS_NewClassID(JSRuntime *rt, JSClassID *pclass_id);
      |                                   ~~~~~~~~~~~^~
/root/txiki.ts/src/wasm.c:1544:5: error: too few arguments to function ‘JS_NewClassID’; expected 2, have 1
 1544 |     JS_NewClassID(&tjs_wasm_global_class_id);
      |     ^~~~~~~~~~~~~
/root/txiki.ts/src/../deps/quickjs/quickjs.h:634:21: note: declared here
  634 | JS_EXTERN JSClassID JS_NewClassID(JSRuntime *rt, JSClassID *pclass_id);
      |                     ^~~~~~~~~~~~~
/root/txiki.ts/src/wasm.c:1549:9: error: ‘tjs_wasm_global_proto_funcs’ undeclared (first use in this function); did you mean ‘tjs_wasm_memory_proto_funcs’?
 1549 |         tjs_wasm_global_proto_funcs, countof(tjs_wasm_global_proto_funcs));
      |         ^~~~~~~~~~~~~~~~~~~~~~~~~~~
      |         tjs_wasm_memory_proto_funcs
/root/txiki.ts/src/wasm.c:1570:43: error: ‘tjs_wasm_funcs’ undeclared (first use in this function)
 1570 |     JS_SetPropertyFunctionList(ctx, wasm, tjs_wasm_funcs, countof(tjs_wasm_funcs));
      |                                           ^~~~~~~~~~~~~~
/root/txiki.ts/src/wasm.c:1487:17: error: unused variable ‘qrt’ [-Werror=unused-variable]
 1487 |     TJSRuntime *qrt = TJS_GetRuntime(ctx);
      |                 ^~~
/root/txiki.ts/src/wasm.c: At top level:
/root/txiki.ts/src/wasm.c:1312:16: error: ‘tjs_wasm_module_customsections’ defined but not used [-Werror=unused-function]
 1312 | static JSValue tjs_wasm_module_customsections(JSContext *ctx, JSValue this_val,
      |                ^~~~~~~~~~~~~~~~~~~~~~~~~~~~~~
/root/txiki.ts/src/wasm.c:1205:12: error: ‘tjs__wasm_link_imports’ defined but not used [-Werror=unused-function]
 1205 | static int tjs__wasm_link_imports(JSContext *ctx, TJSWasmInstance *inst,
      |            ^~~~~~~~~~~~~~~~~~~~~~
/root/txiki.ts/src/wasm.c:1125:16: error: ‘tjs_wasm_instance_exports_get’ defined but not used [-Werror=unused-function]
 1125 | static JSValue tjs_wasm_instance_exports_get(JSContext *ctx, JSValue this_val) {
      |                ^~~~~~~~~~~~~~~~~~~~~~~~~~~~~
/root/txiki.ts/src/wasm.c:1060:13: error: ‘tjs__wasm_func_data_finalizer’ defined but not used [-Werror=unused-function]
 1060 | static void tjs__wasm_func_data_finalizer(JSRuntime *rt, JSValue val) {
      |             ^~~~~~~~~~~~~~~~~~~~~~~~~~~~~
/root/txiki.ts/src/wasm.c:892:16: error: ‘tjs_wasm_global_valueof’ defined but not used [-Werror=unused-function]
  892 | static JSValue tjs_wasm_global_valueof(JSContext *ctx, JSValue this_val,
      |                ^~~~~~~~~~~~~~~~~~~~~~~
/root/txiki.ts/src/wasm.c:879:16: error: ‘tjs_wasm_global_value_set’ defined but not used [-Werror=unused-function]
  879 | static JSValue tjs_wasm_global_value_set(JSContext *ctx, JSValue this_val, JSValue val) {
      |                ^~~~~~~~~~~~~~~~~~~~~~~~~
/root/txiki.ts/src/wasm.c:766:16: error: ‘tjs_wasm_table_grow’ defined but not used [-Werror=unused-function]
  766 | static JSValue tjs_wasm_table_grow(JSContext *ctx, JSValue this_val,
      |                ^~~~~~~~~~~~~~~~~~~
/root/txiki.ts/src/wasm.c:749:16: error: ‘tjs_wasm_table_set’ defined but not used [-Werror=unused-function]
  749 | static JSValue tjs_wasm_table_set(JSContext *ctx, JSValue this_val,
      |                ^~~~~~~~~~~~~~~~~~
/root/txiki.ts/src/wasm.c:735:16: error: ‘tjs_wasm_table_get’ defined but not used [-Werror=unused-function]
  735 | static JSValue tjs_wasm_table_get(JSContext *ctx, JSValue this_val,
      |                ^~~~~~~~~~~~~~~~~~
/root/txiki.ts/src/wasm.c:729:16: error: ‘tjs_wasm_table_length_get’ defined but not used [-Werror=unused-function]
  729 | static JSValue tjs_wasm_table_length_get(JSContext *ctx, JSValue this_val) {
      |                ^~~~~~~~~~~~~~~~~~~~~~~~~
/root/txiki.ts/src/wasm.c:588:16: error: ‘tjs_wasm_memory_buffer_get’ defined but not used [-Werror=unused-function]
  588 | static JSValue tjs_wasm_memory_buffer_get(JSContext *ctx, JSValue this_val) {
      |                ^~~~~~~~~~~~~~~~~~~~~~~~~~
/root/txiki.ts/src/wasm.c:541:16: error: ‘tjs_wasm_memory_constructor’ defined but not used [-Werror=unused-function]
  541 | static JSValue tjs_wasm_memory_constructor(JSContext *ctx, JSValue new_target,
      |                ^~~~~~~~~~~~~~~~~~~~~~~~~~~
/root/txiki.ts/src/wasm.c:489:16: error: ‘tjs_wasm_module_customsections’ defined but not used [-Werror=unused-function]
  489 | static JSValue tjs_wasm_module_customsections(JSContext *ctx, JSValue this_val,
      |                ^~~~~~~~~~~~~~~~~~~~~~~~~~~~~~
/root/txiki.ts/src/wasm.c:461:16: error: ‘tjs_wasm_module_imports’ defined but not used [-Werror=unused-function]
  461 | static JSValue tjs_wasm_module_imports(JSContext *ctx, JSValue this_val,
      |                ^~~~~~~~~~~~~~~~~~~~~~~
/root/txiki.ts/src/wasm.c:414:16: error: ‘tjs_wasm_module_exports’ defined but not used [-Werror=unused-function]
  414 | static JSValue tjs_wasm_module_exports(JSContext *ctx, JSValue this_val,
      |                ^~~~~~~~~~~~~~~~~~~~~~~
/root/txiki.ts/src/wasm.c:302:20: error: ‘tjs__wasm_get_func_signature’ defined but not used [-Werror=unused-function]
  302 | static const char *tjs__wasm_get_func_signature(IM3Function func) {
      |                    ^~~~~~~~~~~~~~~~~~~~~~~~~~~~
cc1: all warnings being treated as errors
ninja: build stopped: subcommand failed.
